초기화: results/es/bc_init.npz (hidden=(32, 32), 1827 params)
[gen    1] fit mean=  -6.019 max=   8.455 theta=   0.613 accept=0/1 lr=0.0070 alpha>=1.00 (14s)
[gen   50] fit mean=  -1.767 max=  11.198 theta=  13.551 accept=27/50 lr=0.0029 alpha>=1.00 (731s)
[gen  100] fit mean=  -0.949 max=   8.804 theta=   3.000 accept=49/100 lr=0.0025 alpha>=1.00 (1441s)
[gen  150] fit mean=   2.128 max=  17.102 theta=   6.726 accept=69/150 lr=0.0035 alpha>=1.00 (2334s)
[gen  200] fit mean=  -3.133 max=   3.789 theta=  -0.775 accept=99/200 lr=0.0025 alpha>=1.00 (3266s)
[gen  250] fit mean=  -0.899 max=   9.682 theta=   9.156 accept=133/250 lr=0.0075 alpha>=1.00 (3955s)
[gen  300] fit mean=  -4.574 max=   2.912 theta=   4.617 accept=164/300 lr=0.0033 alpha>=1.00 (4713s)
[gen  350] fit mean=  -1.402 max=   6.786 theta=   4.472 accept=200/350 lr=0.0080 alpha>=1.00 (5469s)
[gen  400] fit mean=  -0.382 max=   6.187 theta=   4.134 accept=233/400 lr=0.0025 alpha>=1.00 (6226s)
[gen  450] fit mean=   0.781 max=   8.733 theta=   9.183 accept=265/450 lr=0.0025 alpha>=1.00 (6938s)
[gen  500] fit mean=  -2.077 max=   2.821 theta=   4.310 accept=292/500 lr=0.0033 alpha>=1.00 (7613s)
[gen  550] fit mean=   2.290 max=   9.684 theta=   6.224 accept=316/550 lr=0.0038 alpha>=1.00 (8434s)
[gen  600] fit mean=   0.335 max=   5.555 theta=   4.650 accept=335/600 lr=0.0025 alpha>=1.00 (9240s)
이어 학습: results/es_pool/ckpt_seed4_gen00600.npz (600세대, lr=0.0025, accept=335/600) -> 1000세대
[gen  601] fit mean=  -1.990 max=   5.864 theta=  -0.530 accept=336/601 lr=0.0029 alpha>=1.00 (9251s)
[gen  650] fit mean=   0.901 max=  10.777 theta=   5.210 accept=362/650 lr=0.0025 alpha>=1.00 (9842s)
[gen  700] fit mean=  -1.516 max=   6.857 theta=   3.724 accept=389/700 lr=0.0033 alpha>=1.00 (10420s)
[gen  750] fit mean=   4.576 max=  12.543 theta=  11.967 accept=417/750 lr=0.0033 alpha>=1.00 (11026s)
[gen  800] fit mean=   0.572 max=   8.057 theta=   0.306 accept=445/800 lr=0.0025 alpha>=1.00 (11639s)
