초기화: results/es/bc_init.npz (hidden=(32, 32), 1827 params)
[gen    1] fit mean=  -3.365 max=   9.448 theta=   1.598 accept=0/1 lr=0.0070 alpha>=1.00 (17s)
[gen   50] fit mean=  -5.126 max=   6.220 theta=   6.065 accept=26/50 lr=0.0025 alpha>=1.00 (728s)
[gen  100] fit mean=  -3.051 max=  13.175 theta=   6.543 accept=53/100 lr=0.0029 alpha>=1.00 (1433s)
[gen  150] fit mean=   2.084 max=  19.813 theta=   4.460 accept=78/150 lr=0.0025 alpha>=1.00 (2332s)
[gen  200] fit mean=  -0.445 max=   7.015 theta=   4.021 accept=106/200 lr=0.0028 alpha>=1.00 (3241s)
[gen  250] fit mean=  -1.431 max=   9.386 theta=   7.476 accept=130/250 lr=0.0025 alpha>=1.00 (3942s)
[gen  300] fit mean=  -0.121 max=   5.931 theta=   4.348 accept=155/300 lr=0.0033 alpha>=1.00 (4706s)
[gen  350] fit mean=  -1.320 max=   9.569 theta=   3.187 accept=178/350 lr=0.0025 alpha>=1.00 (5439s)
[gen  400] fit mean=  -4.953 max=   4.205 theta=  -2.375 accept=211/400 lr=0.0050 alpha>=1.00 (6166s)
[gen  450] fit mean=   0.702 max=   9.022 theta=   3.400 accept=236/450 lr=0.0025 alpha>=1.00 (6944s)
[gen  500] fit mean=  -2.625 max=   4.533 theta=  -1.210 accept=274/500 lr=0.0062 alpha>=1.00 (7645s)
[gen  550] fit mean=  -3.236 max=   9.486 theta=   6.135 accept=307/550 lr=0.0028 alpha>=1.00 (8508s)
[gen  600] fit mean=   3.724 max=  12.182 theta=   9.687 accept=336/600 lr=0.0025 alpha>=1.00 (9302s)
이어 학습: results/es_pool/ckpt_seed3_gen00600.npz (600세대, lr=0.0025, accept=336/600) -> 1000세대
[gen  601] fit mean=   0.230 max=   7.046 theta=   2.805 accept=336/601 lr=0.0025 alpha>=1.00 (9314s)
[gen  650] fit mean=  -1.509 max=   7.788 theta=   4.683 accept=366/650 lr=0.0067 alpha>=1.00 (9899s)
[gen  700] fit mean=  -0.016 max=  10.152 theta=   5.877 accept=391/700 lr=0.0025 alpha>=1.00 (10500s)
[gen  750] fit mean=   6.818 max=  14.928 theta=  18.076 accept=413/750 lr=0.0029 alpha>=1.00 (11102s)
[gen  800] fit mean=   4.756 max=  11.310 theta=  10.356 accept=442/800 lr=0.0054 alpha>=1.00 (11680s)
